can enable the service account with a custom name:
  1: |
    apiVersion: v1
    kind: serviceaccount
    metadata:
      labels:
        app.kubernetes.io/instance: RELEASE-NAME
        app.kubernetes.io/managed-by: Helm
        app.kubernetes.io/name: snyk-universal-broker
        helm.sh/chart: snyk-universal-broker-0.0.1
      name: custom-service-account
      namespace: NAMESPACE
